Turbo Assembler	 Version 4.1	    02/21/22 02:45:01	    Page 1
05main.asm



      1	0000			     .model tiny
      2
      3	0000			     .code
      4				     org 100h
      5
      6	0100			     _start:
      7					     ;mov sp, 100h + length_of_program + 200h
      8
      9	0100  50 55 8B EC C7 46	02+	     push 0AAAAh
     10	      AAAA 5D
     11	010A  50 55 8B EC C7 46	02+	     push 0BBBBh
     12	      BBBB 5D
     13
     14	0114			     exit:
     15	0114  B8 4C00			     mov ax, 4C00h
     16	0117  CD 21			     int 21h
     17
     18
     19	      =0019		     length_of_program	     equ     $ - _start
     20
     21				     end _start
Turbo Assembler	 Version 4.1	    02/21/22 02:45:01	    Page 2
Symbol Table




Symbol Name			  Type	 Value

??DATE				  Text	 "02/21/22"
??FILENAME			  Text	 "05main  "
??TIME				  Text	 "02:45:01"
??VERSION			  Number 040A
@32BIT				  Text	 0
@CODE				  Text	 DGROUP
@CODESIZE			  Text	 0
@CPU				  Text	 0101H
@CURSEG				  Text	 _TEXT
@DATA				  Text	 DGROUP
@DATASIZE			  Text	 0
@FILENAME			  Text	 05MAIN
@INTERFACE			  Text	 000H
@MODEL				  Text	 1
@STACK				  Text	 DGROUP
@WORDSIZE			  Text	 2
EXIT				  Near	 DGROUP:0114
LENGTH_OF_PROGRAM		  Number 0019
_START				  Near	 DGROUP:0100

Groups & Segments		  Bit Size Align  Combine Class

DGROUP				  Group
  _DATA				  16  0000 Word	  Public  DATA
  _TEXT				  16  0119 Word	  Public  CODE
